src/components/BattleBoard.tsx(7414,1): error TS1005: '}' expected.
